// Vitest Snapshot v1, https://vitest.dev/guide/snapshot.html

exports[`shows notifications as toasts 1`] = `
<div
  aria-atomic="true"
  aria-describedby="toast:toast:1:description"
  aria-labelledby="toast:toast:1:title"
  class="chakra-toast__root css-1bm8y9v"
  data-align="end"
  data-first=""
  data-mounted=""
  data-part="root"
  data-placement="top-end"
  data-scope="toast"
  data-side="top"
  data-stack=""
  data-state="open"
  data-type="info"
  dir="ltr"
  id="toast:toast:1"
  role="status"
  style="position: absolute; pointer-events: auto; --opacity: 1; --remove-delay: 200ms; --duration: 604800000ms; --initial-height: 0px; --offset: 0px; --index: 0; --z-index: 1; --lift-amount: calc(var(--lift) * var(--gap)); --y: calc(var(--lift) * var(--offset)); --x: 0; top: 0px; --sign: -1; --lift: 1; --height: var(--initial-height);"
  tabindex="0"
>
  <div
    data-ghost="before"
    style="position: absolute; pointer-events: none;"
  />
  <span
    aria-hidden="true"
    class="chakra-icon css-1yhex1d"
    focusable="false"
  >
    <svg
      fill="none"
      height="1em"
      stroke="currentColor"
      stroke-linecap="round"
      stroke-linejoin="round"
      stroke-width="2"
      style="width: 100%; height: 100%;"
      viewBox="0 0 24 24"
      width="1em"
      xmlns="http://www.w3.org/2000/svg"
    >
      <circle
        cx="12"
        cy="12"
        r="10"
      />
      <line
        x1="12"
        x2="12"
        y1="16"
        y2="12"
      />
      <line
        x1="12"
        x2="12.01"
        y1="8"
        y2="8"
      />
    </svg>
  </span>
  <div
    class="chakra-stack css-403sr0"
  >
    <div
      class="chakra-toast__title css-1nhm9ic"
      data-part="title"
      data-scope="toast"
      id="toast:toast:1:title"
    >
      test
    </div>
    <div
      class="chakra-toast__description css-1tl80zq"
      data-part="description"
      data-scope="toast"
      id="toast:toast:1:description"
    >
      <span
        data-testid="notification-message"
      >
        Message
      </span>
    </div>
  </div>
  <button
    aria-label="notification.close"
    class="chakra-toast__closeTrigger css-s29zxt"
    data-part="close-trigger"
    data-scope="toast"
    id="toasttoast:1:close"
    type="button"
  >
    <svg
      class="css-kqzqgg"
      viewBox="0 0 24 24"
    >
      <path
        clip-rule="evenodd"
        d="M18.7071 6.70711C19.0976 6.31658 19.0976 5.68342 18.7071 5.29289C18.3166 4.90237 17.6834 4.90237 17.2929 5.29289L12 10.5858L6.70711 5.29289C6.31658 4.90237 5.68342 4.90237 5.29289 5.29289C4.90237 5.68342 4.90237 6.31658 5.29289 6.70711L10.5858 12L5.29289 17.2929C4.90237 17.6834 4.90237 18.3166 5.29289 18.7071C5.68342 19.0976 6.31658 19.0976 6.70711 18.7071L12 13.4142L17.2929 18.7071C17.6834 19.0976 18.3166 19.0976 18.7071 18.7071C19.0976 18.3166 19.0976 17.6834 18.7071 17.2929L13.4142 12L18.7071 6.70711Z"
        fill-rule="evenodd"
      />
    </svg>
  </button>
  <div
    data-ghost="after"
    style="position: absolute; left: 0px; bottom: 100%; width: 100%;"
  />
</div>
`;
