// Vitest Snapshot v1, https://vitest.dev/guide/snapshot.html

exports[`formatRichMessage > assigns unique keys to children and nested children 2`] = `
{
  "children": [
    {
      "key": "<no key>",
      "type": "primitive",
      "value": "a ",
    },
    {
      "children": [
        {
          "children": [
            {
              "children": [
                {
                  "children": [
                    {
                      "key": "<no key>",
                      "type": "primitive",
                      "value": "b",
                    },
                  ],
                  "key": "<no key>",
                  "type": "code",
                },
              ],
              "key": ".$42/.0",
              "type": Symbol(react.fragment),
            },
            {
              "key": "<no key>",
              "type": "primitive",
              "value": " c ",
            },
            {
              "children": [
                {
                  "children": [
                    {
                      "key": "<no key>",
                      "type": "primitive",
                      "value": " d ",
                    },
                    {
                      "children": [
                        {
                          "children": [
                            {
                              "key": "<no key>",
                              "type": "primitive",
                              "value": "e",
                            },
                          ],
                          "key": "<no key>",
                          "type": "code",
                        },
                      ],
                      "key": ".$42/.1",
                      "type": Symbol(react.fragment),
                    },
                    {
                      "key": "<no key>",
                      "type": "primitive",
                      "value": " f ",
                    },
                    {
                      "children": [
                        {
                          "children": [
                            {
                              "key": "<no key>",
                              "type": "primitive",
                              "value": "g",
                            },
                          ],
                          "key": "<no key>",
                          "type": "code",
                        },
                      ],
                      "key": ".$42/.3",
                      "type": Symbol(react.fragment),
                    },
                    {
                      "key": "<no key>",
                      "type": "primitive",
                      "value": " h",
                    },
                  ],
                  "key": "<no key>",
                  "type": {
                    "$$typeof": Symbol(react.forward_ref),
                    "render": [Function],
                  },
                },
              ],
              "key": ".$42/.2",
              "type": Symbol(react.fragment),
            },
          ],
          "key": "<no key>",
          "type": {
            "$$typeof": Symbol(react.forward_ref),
            "render": [Function],
          },
        },
      ],
      "key": ".$42/.1",
      "type": Symbol(react.fragment),
    },
  ],
  "key": "<no key>",
  "type": Symbol(react.fragment),
}
`;
