// Vitest Snapshot v1, https://vitest.dev/guide/snapshot.html

exports[`should render a web component with a shadow dom 1`] = `
<span
  class="hello"
>
  Hello World
</span>
`;

exports[`should render the same component multiple times (needs shared tag name) 1`] = `
[
  "<span class=\\"hello\\">Hello</span>",
  "<span class=\\"hello\\">Bye</span>",
]
`;
