// Vitest Snapshot v1

exports[`throws an error if a required property is not specified 1`] = `"runtime:required-property: Package 'foo' requires the property 'propertyName' to be initialized to a non-null value."`;

exports[`throws an error if an attempt is made to customize a non-existent property 1`] = `"runtime:invalid-property-name: Unexpected property name 'otherProperty' for package 'foo': the property does not exist."`;
