// Vitest Snapshot v1

exports[`throws for ambiguous service reference 1`] = `"runtime:ambiguous-dependency: Service 'map-user::MapUser' requires the ambiguous interface 'services.Map' as dependency 'dep_0'. Possible choices are 'map::Map1' (with qualifier 'map1'), 'map::Map2' (with qualifier 'map2'), 'map::Map3' and 1 more."`;

exports[`throws when a component depends on itself via a larger cycle 1`] = `"runtime:dependency-cycle: Detected dependency cycle: 'A::a' => 'B::b' ('dep_0' providing 'B') => 'C::c' ('dep_1' providing 'C') => 'A::a' ('dep_2' providing 'A')."`;

exports[`throws when a component directly depends on itself 1`] = `"runtime:dependency-cycle: Detected dependency cycle: 'map::Map' => 'map::Map' ('dep_0' providing 'services.Map')."`;

exports[`throws when a service is not implemented 1`] = `"runtime:interface-not-found: Service 'tools::ExampleTool' requires an unimplemented interface 'services.Map' as dependency 'dep_0'."`;

exports[`throws when the ui requires an interface that is not implemented 1`] = `"runtime:interface-not-found: The UI of package 'foo' requires an unimplemented interface 'services.Map2'."`;
